2025-12-27T00:44:50.851+08:00  INFO 34240 --- [springAIDemo] [main] com.chen.SpringAiDemoApplication         : Starting SpringAiDemoApplication using Java 17.0.17 with PID 34240 (D:\code\project\AIChatdemo\springAIServe\target\classes started by Chen in D:\code\project\AIChatdemo)
2025-12-27T00:44:50.862+08:00  INFO 34240 --- [springAIDemo] [main] com.chen.SpringAiDemoApplication         : No active profile set, falling back to 1 default profile: "default"
2025-12-27T00:44:51.710+08:00  INFO 34240 --- [springAIDemo] [main] .s.d.r.c.RepositoryConfigurationDelegate : Multiple Spring Data modules found, entering strict repository configuration mode
2025-12-27T00:44:51.714+08:00  INFO 34240 --- [springAIDemo] [main] .s.d.r.c.RepositoryConfigurationDelegate : Bootstrapping Spring Data Redis repositories in DEFAULT mode.
2025-12-27T00:44:51.745+08:00  INFO 34240 --- [springAIDemo] [main] .s.d.r.c.RepositoryConfigurationDelegate : Finished Spring Data repository scanning in 18 ms. Found 0 Redis repository interfaces.
2025-12-27T00:44:52.436+08:00  INFO 34240 --- [springAIDemo] [main] o.s.b.w.embedded.tomcat.TomcatWebServer  : Tomcat initialized with port 8080 (http)
2025-12-27T00:44:52.447+08:00  INFO 34240 --- [springAIDemo] [main] o.apache.catalina.core.StandardService   : Starting service [Tomcat]
2025-12-27T00:44:52.448+08:00  INFO 34240 --- [springAIDemo] [main] o.apache.catalina.core.StandardEngine    : Starting Servlet engine: [Apache Tomcat/10.1.48]
2025-12-27T00:44:52.496+08:00  INFO 34240 --- [springAIDemo] [main] o.a.c.c.C.[Tomcat].[localhost].[/]       : Initializing Spring embedded WebApplicationContext
2025-12-27T00:44:52.496+08:00  INFO 34240 --- [springAIDemo] [main] w.s.c.ServletWebServerApplicationContext : Root WebApplicationContext: initialization completed in 1589 ms
2025-12-27T00:44:53.839+08:00  INFO 34240 --- [springAIDemo] [main] com.alibaba.druid.pool.DruidDataSource   : {dataSource-1} inited
2025-12-27T00:44:54.168+08:00  INFO 34240 --- [springAIDemo] [main] o.s.b.w.embedded.tomcat.TomcatWebServer  : Tomcat started on port 8080 (http) with context path '/'
2025-12-27T00:44:54.183+08:00  INFO 34240 --- [springAIDemo] [main] com.chen.SpringAiDemoApplication         : Started SpringAiDemoApplication in 3.766 seconds (process running for 4.443)
2025-12-27T00:45:29.511+08:00  INFO 34240 --- [springAIDemo] [http-nio-8080-exec-1] o.a.c.c.C.[Tomcat].[localhost].[/]       : Initializing Spring DispatcherServlet 'dispatcherServlet'
2025-12-27T00:45:29.511+08:00  INFO 34240 --- [springAIDemo] [http-nio-8080-exec-1] o.s.web.servlet.DispatcherServlet        : Initializing Servlet 'dispatcherServlet'
2025-12-27T00:45:29.512+08:00  INFO 34240 --- [springAIDemo] [http-nio-8080-exec-1] o.s.web.servlet.DispatcherServlet        : Completed initialization in 1 ms
2025-12-27T00:45:29.638+08:00  INFO 34240 --- [springAIDemo] [http-nio-8080-exec-1] c.chen.controller.user.UserController    : 登录邮箱为3406339653@qq.com ,请求生成验证码
2025-12-27T00:45:44.848+08:00  INFO 34240 --- [springAIDemo] [http-nio-8080-exec-2] c.chen.controller.user.UserController    : 用户请求登录：UserDTO(id=null, nickName=null, gender=null, birthday=null, password=3406339653@qq.com, email=3406339653@qq.com, emailCode=null, loginCode=GNHK, image=null, points=null)
2025-12-27T00:45:44.989+08:00  INFO 34240 --- [springAIDemo] [http-nio-8080-exec-2] com.chen.service.impl.UserServiceImpl    : 已经为id：4012的用户生成对应token
2025-12-27T00:45:46.169+08:00 ERROR 34240 --- [springAIDemo] [http-nio-8080-exec-5] c.c.e.handle.GlobalExceptionHandle       : 业务逻辑出错: com.fasterxml.jackson.core.JsonParseException: Unrecognized token 'eyJhbGciOiJIUzI1NiJ9': was expecting (JSON String, Number, Array, Object or token 'null', 'true' or 'false')
 at [Source: REDACTED (`StreamReadFeature.INCLUDE_SOURCE_IN_LOCATION` disabled); line: 1, column: 21]
2025-12-27T00:46:05.044+08:00 ERROR 34240 --- [springAIDemo] [http-nio-8080-exec-4] c.c.e.handle.GlobalExceptionHandle       : 业务逻辑出错: com.fasterxml.jackson.core.JsonParseException: Unrecognized token 'eyJhbGciOiJIUzI1NiJ9': was expecting (JSON String, Number, Array, Object or token 'null', 'true' or 'false')
 at [Source: REDACTED (`StreamReadFeature.INCLUDE_SOURCE_IN_LOCATION` disabled); line: 1, column: 21]
2025-12-27T00:48:39.427+08:00  INFO 34240 --- [springAIDemo] [SpringApplicationShutdownHook] o.s.b.w.e.tomcat.GracefulShutdown        : Commencing graceful shutdown. Waiting for active requests to complete
2025-12-27T00:48:39.693+08:00  INFO 34240 --- [springAIDemo] [tomcat-shutdown] o.s.b.w.e.tomcat.GracefulShutdown        : Graceful shutdown complete
2025-12-27T00:48:39.707+08:00  INFO 34240 --- [springAIDemo] [SpringApplicationShutdownHook] com.alibaba.druid.pool.DruidDataSource   : {dataSource-1} closing ...
2025-12-27T00:48:39.709+08:00  INFO 34240 --- [springAIDemo] [SpringApplicationShutdownHook] com.alibaba.druid.pool.DruidDataSource   : {dataSource-1} closed
2025-12-27T00:48:43.122+08:00  INFO 40728 --- [springAIDemo] [main] com.chen.SpringAiDemoApplication         : Starting SpringAiDemoApplication using Java 17.0.17 with PID 40728 (D:\code\project\AIChatdemo\springAIServe\target\classes started by Chen in D:\code\project\AIChatdemo)
2025-12-27T00:48:43.124+08:00  INFO 40728 --- [springAIDemo] [main] com.chen.SpringAiDemoApplication         : No active profile set, falling back to 1 default profile: "default"
2025-12-27T00:48:43.824+08:00  INFO 40728 --- [springAIDemo] [main] .s.d.r.c.RepositoryConfigurationDelegate : Multiple Spring Data modules found, entering strict repository configuration mode
2025-12-27T00:48:43.826+08:00  INFO 40728 --- [springAIDemo] [main] .s.d.r.c.RepositoryConfigurationDelegate : Bootstrapping Spring Data Redis repositories in DEFAULT mode.
2025-12-27T00:48:43.853+08:00  INFO 40728 --- [springAIDemo] [main] .s.d.r.c.RepositoryConfigurationDelegate : Finished Spring Data repository scanning in 15 ms. Found 0 Redis repository interfaces.
2025-12-27T00:48:44.386+08:00  INFO 40728 --- [springAIDemo] [main] o.s.b.w.embedded.tomcat.TomcatWebServer  : Tomcat initialized with port 8080 (http)
2025-12-27T00:48:44.395+08:00  INFO 40728 --- [springAIDemo] [main] o.apache.catalina.core.StandardService   : Starting service [Tomcat]
2025-12-27T00:48:44.395+08:00  INFO 40728 --- [springAIDemo] [main] o.apache.catalina.core.StandardEngine    : Starting Servlet engine: [Apache Tomcat/10.1.48]
2025-12-27T00:48:44.434+08:00  INFO 40728 --- [springAIDemo] [main] o.a.c.c.C.[Tomcat].[localhost].[/]       : Initializing Spring embedded WebApplicationContext
2025-12-27T00:48:44.434+08:00  INFO 40728 --- [springAIDemo] [main] w.s.c.ServletWebServerApplicationContext : Root WebApplicationContext: initialization completed in 1279 ms
2025-12-27T00:48:45.756+08:00  INFO 40728 --- [springAIDemo] [main] com.alibaba.druid.pool.DruidDataSource   : {dataSource-1} inited
2025-12-27T00:48:46.095+08:00  INFO 40728 --- [springAIDemo] [main] o.s.b.w.embedded.tomcat.TomcatWebServer  : Tomcat started on port 8080 (http) with context path '/'
2025-12-27T00:48:46.108+08:00  INFO 40728 --- [springAIDemo] [main] com.chen.SpringAiDemoApplication         : Started SpringAiDemoApplication in 3.347 seconds (process running for 3.925)
2025-12-27T00:48:54.809+08:00  INFO 40728 --- [springAIDemo] [http-nio-8080-exec-1] o.a.c.c.C.[Tomcat].[localhost].[/]       : Initializing Spring DispatcherServlet 'dispatcherServlet'
2025-12-27T00:48:54.810+08:00  INFO 40728 --- [springAIDemo] [http-nio-8080-exec-1] o.s.web.servlet.DispatcherServlet        : Initializing Servlet 'dispatcherServlet'
2025-12-27T00:48:54.811+08:00  INFO 40728 --- [springAIDemo] [http-nio-8080-exec-1] o.s.web.servlet.DispatcherServlet        : Completed initialization in 1 ms
2025-12-27T00:49:22.858+08:00 ERROR 40728 --- [springAIDemo] [http-nio-8080-exec-1] c.c.e.handle.GlobalExceptionHandle       : 业务逻辑出错: com.fasterxml.jackson.core.JsonParseException: Unrecognized token 'eyJhbGciOiJIUzI1NiJ9': was expecting (JSON String, Number, Array, Object or token 'null', 'true' or 'false')
 at [Source: REDACTED (`StreamReadFeature.INCLUDE_SOURCE_IN_LOCATION` disabled); line: 1, column: 21]
2025-12-27T00:50:22.415+08:00 ERROR 40728 --- [springAIDemo] [http-nio-8080-exec-2] c.c.e.handle.GlobalExceptionHandle       : 业务逻辑出错: com.fasterxml.jackson.core.JsonParseException: Unrecognized token 'eyJhbGciOiJIUzI1NiJ9': was expecting (JSON String, Number, Array, Object or token 'null', 'true' or 'false')
 at [Source: REDACTED (`StreamReadFeature.INCLUDE_SOURCE_IN_LOCATION` disabled); line: 1, column: 21]
2025-12-27T00:51:13.998+08:00  INFO 40728 --- [springAIDemo] [SpringApplicationShutdownHook] o.s.b.w.e.tomcat.GracefulShutdown        : Commencing graceful shutdown. Waiting for active requests to complete
2025-12-27T00:51:14.312+08:00  INFO 40728 --- [springAIDemo] [tomcat-shutdown] o.s.b.w.e.tomcat.GracefulShutdown        : Graceful shutdown complete
2025-12-27T00:51:14.324+08:00  INFO 40728 --- [springAIDemo] [SpringApplicationShutdownHook] com.alibaba.druid.pool.DruidDataSource   : {dataSource-1} closing ...
2025-12-27T00:51:14.327+08:00  INFO 40728 --- [springAIDemo] [SpringApplicationShutdownHook] com.alibaba.druid.pool.DruidDataSource   : {dataSource-1} closed
2025-12-27T00:51:18.588+08:00  INFO 30660 --- [springAIDemo] [main] com.chen.SpringAiDemoApplication         : Starting SpringAiDemoApplication using Java 17.0.17 with PID 30660 (D:\code\project\AIChatdemo\springAIServe\target\classes started by Chen in D:\code\project\AIChatdemo)
2025-12-27T00:51:18.591+08:00  INFO 30660 --- [springAIDemo] [main] com.chen.SpringAiDemoApplication         : No active profile set, falling back to 1 default profile: "default"
2025-12-27T00:51:19.318+08:00  INFO 30660 --- [springAIDemo] [main] .s.d.r.c.RepositoryConfigurationDelegate : Multiple Spring Data modules found, entering strict repository configuration mode
2025-12-27T00:51:19.320+08:00  INFO 30660 --- [springAIDemo] [main] .s.d.r.c.RepositoryConfigurationDelegate : Bootstrapping Spring Data Redis repositories in DEFAULT mode.
2025-12-27T00:51:19.346+08:00  INFO 30660 --- [springAIDemo] [main] .s.d.r.c.RepositoryConfigurationDelegate : Finished Spring Data repository scanning in 15 ms. Found 0 Redis repository interfaces.
2025-12-27T00:51:19.833+08:00  INFO 30660 --- [springAIDemo] [main] o.s.b.w.embedded.tomcat.TomcatWebServer  : Tomcat initialized with port 8080 (http)
2025-12-27T00:51:19.842+08:00  INFO 30660 --- [springAIDemo] [main] o.apache.catalina.core.StandardService   : Starting service [Tomcat]
2025-12-27T00:51:19.843+08:00  INFO 30660 --- [springAIDemo] [main] o.apache.catalina.core.StandardEngine    : Starting Servlet engine: [Apache Tomcat/10.1.48]
2025-12-27T00:51:19.881+08:00  INFO 30660 --- [springAIDemo] [main] o.a.c.c.C.[Tomcat].[localhost].[/]       : Initializing Spring embedded WebApplicationContext
2025-12-27T00:51:19.882+08:00  INFO 30660 --- [springAIDemo] [main] w.s.c.ServletWebServerApplicationContext : Root WebApplicationContext: initialization completed in 1261 ms
2025-12-27T00:51:21.246+08:00  INFO 30660 --- [springAIDemo] [main] com.alibaba.druid.pool.DruidDataSource   : {dataSource-1} inited
2025-12-27T00:51:21.575+08:00  INFO 30660 --- [springAIDemo] [main] o.s.b.w.embedded.tomcat.TomcatWebServer  : Tomcat started on port 8080 (http) with context path '/'
2025-12-27T00:51:21.586+08:00  INFO 30660 --- [springAIDemo] [main] com.chen.SpringAiDemoApplication         : Started SpringAiDemoApplication in 3.368 seconds (process running for 3.899)
2025-12-27T00:52:42.544+08:00  INFO 30660 --- [springAIDemo] [http-nio-8080-exec-1] o.a.c.c.C.[Tomcat].[localhost].[/]       : Initializing Spring DispatcherServlet 'dispatcherServlet'
2025-12-27T00:52:42.544+08:00  INFO 30660 --- [springAIDemo] [http-nio-8080-exec-1] o.s.web.servlet.DispatcherServlet        : Initializing Servlet 'dispatcherServlet'
2025-12-27T00:52:42.545+08:00  INFO 30660 --- [springAIDemo] [http-nio-8080-exec-1] o.s.web.servlet.DispatcherServlet        : Completed initialization in 1 ms
2025-12-27T00:52:42.653+08:00  INFO 30660 --- [springAIDemo] [http-nio-8080-exec-1] c.chen.controller.user.UserController    : 登录邮箱为3406339653@qq.com ,请求生成验证码
2025-12-27T00:52:51.226+08:00  INFO 30660 --- [springAIDemo] [http-nio-8080-exec-2] c.chen.controller.user.UserController    : 用户请求登录：UserDTO(id=null, nickName=null, gender=null, birthday=null, password=3406339653@qq.com, email=3406339653@qq.com, emailCode=null, loginCode=093x, image=null, points=null)
2025-12-27T00:52:51.359+08:00  INFO 30660 --- [springAIDemo] [http-nio-8080-exec-2] com.chen.service.impl.UserServiceImpl    : 已经为id：4012的用户生成对应token
2025-12-27T00:52:52.217+08:00 ERROR 30660 --- [springAIDemo] [http-nio-8080-exec-3] c.c.e.handle.GlobalExceptionHandle       : 业务逻辑出错: com.fasterxml.jackson.core.JsonParseException: Unrecognized token 'eyJhbGciOiJIUzI1NiJ9': was expecting (JSON String, Number, Array, Object or token 'null', 'true' or 'false')
 at [Source: REDACTED (`StreamReadFeature.INCLUDE_SOURCE_IN_LOCATION` disabled); line: 1, column: 21]
2025-12-27T00:53:28.222+08:00 ERROR 30660 --- [springAIDemo] [http-nio-8080-exec-4] c.c.e.handle.GlobalExceptionHandle       : 业务逻辑出错: com.fasterxml.jackson.core.JsonParseException: Unrecognized token 'eyJhbGciOiJIUzI1NiJ9': was expecting (JSON String, Number, Array, Object or token 'null', 'true' or 'false')
 at [Source: REDACTED (`StreamReadFeature.INCLUDE_SOURCE_IN_LOCATION` disabled); line: 1, column: 21]
2025-12-27T00:54:07.238+08:00 ERROR 30660 --- [springAIDemo] [http-nio-8080-exec-5] c.c.e.handle.GlobalExceptionHandle       : 业务逻辑出错: com.fasterxml.jackson.core.JsonParseException: Unrecognized token 'eyJhbGciOiJIUzI1NiJ9': was expecting (JSON String, Number, Array, Object or token 'null', 'true' or 'false')
 at [Source: REDACTED (`StreamReadFeature.INCLUDE_SOURCE_IN_LOCATION` disabled); line: 1, column: 21]
2025-12-27T00:54:45.044+08:00  INFO 30660 --- [springAIDemo] [SpringApplicationShutdownHook] o.s.b.w.e.tomcat.GracefulShutdown        : Commencing graceful shutdown. Waiting for active requests to complete
2025-12-27T00:54:45.322+08:00  INFO 30660 --- [springAIDemo] [tomcat-shutdown] o.s.b.w.e.tomcat.GracefulShutdown        : Graceful shutdown complete
2025-12-27T00:54:45.333+08:00  INFO 30660 --- [springAIDemo] [SpringApplicationShutdownHook] com.alibaba.druid.pool.DruidDataSource   : {dataSource-1} closing ...
2025-12-27T00:54:45.337+08:00  INFO 30660 --- [springAIDemo] [SpringApplicationShutdownHook] com.alibaba.druid.pool.DruidDataSource   : {dataSource-1} closed
2025-12-27T00:54:49.071+08:00  INFO 39908 --- [springAIDemo] [main] com.chen.SpringAiDemoApplication         : Starting SpringAiDemoApplication using Java 17.0.17 with PID 39908 (D:\code\project\AIChatdemo\springAIServe\target\classes started by Chen in D:\code\project\AIChatdemo)
2025-12-27T00:54:49.073+08:00  INFO 39908 --- [springAIDemo] [main] com.chen.SpringAiDemoApplication         : No active profile set, falling back to 1 default profile: "default"
2025-12-27T00:54:49.712+08:00  INFO 39908 --- [springAIDemo] [main] .s.d.r.c.RepositoryConfigurationDelegate : Multiple Spring Data modules found, entering strict repository configuration mode
2025-12-27T00:54:49.714+08:00  INFO 39908 --- [springAIDemo] [main] .s.d.r.c.RepositoryConfigurationDelegate : Bootstrapping Spring Data Redis repositories in DEFAULT mode.
2025-12-27T00:54:49.740+08:00  INFO 39908 --- [springAIDemo] [main] .s.d.r.c.RepositoryConfigurationDelegate : Finished Spring Data repository scanning in 14 ms. Found 0 Redis repository interfaces.
2025-12-27T00:54:50.236+08:00  INFO 39908 --- [springAIDemo] [main] o.s.b.w.embedded.tomcat.TomcatWebServer  : Tomcat initialized with port 8080 (http)
2025-12-27T00:54:50.245+08:00  INFO 39908 --- [springAIDemo] [main] o.apache.catalina.core.StandardService   : Starting service [Tomcat]
2025-12-27T00:54:50.245+08:00  INFO 39908 --- [springAIDemo] [main] o.apache.catalina.core.StandardEngine    : Starting Servlet engine: [Apache Tomcat/10.1.48]
2025-12-27T00:54:50.281+08:00  INFO 39908 --- [springAIDemo] [main] o.a.c.c.C.[Tomcat].[localhost].[/]       : Initializing Spring embedded WebApplicationContext
2025-12-27T00:54:50.281+08:00  INFO 39908 --- [springAIDemo] [main] w.s.c.ServletWebServerApplicationContext : Root WebApplicationContext: initialization completed in 1180 ms
2025-12-27T00:54:51.593+08:00  INFO 39908 --- [springAIDemo] [main] com.alibaba.druid.pool.DruidDataSource   : {dataSource-1} inited
2025-12-27T00:54:51.937+08:00  INFO 39908 --- [springAIDemo] [main] o.s.b.w.embedded.tomcat.TomcatWebServer  : Tomcat started on port 8080 (http) with context path '/'
2025-12-27T00:54:51.948+08:00  INFO 39908 --- [springAIDemo] [main] com.chen.SpringAiDemoApplication         : Started SpringAiDemoApplication in 3.221 seconds (process running for 3.8)
2025-12-27T00:54:54.815+08:00  INFO 39908 --- [springAIDemo] [http-nio-8080-exec-1] o.a.c.c.C.[Tomcat].[localhost].[/]       : Initializing Spring DispatcherServlet 'dispatcherServlet'
2025-12-27T00:54:54.815+08:00  INFO 39908 --- [springAIDemo] [http-nio-8080-exec-1] o.s.web.servlet.DispatcherServlet        : Initializing Servlet 'dispatcherServlet'
2025-12-27T00:54:54.817+08:00  INFO 39908 --- [springAIDemo] [http-nio-8080-exec-1] o.s.web.servlet.DispatcherServlet        : Completed initialization in 1 ms
2025-12-27T00:54:55.341+08:00  INFO 39908 --- [springAIDemo] [http-nio-8080-exec-1] c.c.interceptor.RefreshTokenInterceptor  : 已经为id：4012的用户刷新对应token
2025-12-27T00:54:55.377+08:00  INFO 39908 --- [springAIDemo] [http-nio-8080-exec-1] com.chen.service.impl.UserServiceImpl    : 已经为id：4012的用户生成对应token
2025-12-27T00:54:55.436+08:00  INFO 39908 --- [springAIDemo] [http-nio-8080-exec-1] c.chen.controller.user.UserController    : 获取本人的用户信息
2025-12-27T00:54:55.479+08:00  INFO 39908 --- [springAIDemo] [http-nio-8080-exec-1] com.chen.interceptor.LoginInterceptor    : destroy login handler
2025-12-27T00:54:55.479+08:00  INFO 39908 --- [springAIDemo] [http-nio-8080-exec-1] c.c.interceptor.RefreshTokenInterceptor  : destroy refresh handler
2025-12-27T00:54:55.479+08:00  INFO 39908 --- [springAIDemo] [http-nio-8080-exec-1] com.chen.interceptor.LoginInterceptor    : init login handler
2025-12-27T00:54:55.479+08:00  INFO 39908 --- [springAIDemo] [http-nio-8080-exec-1] c.c.interceptor.RefreshTokenInterceptor  : init refresh handler
2025-12-27T00:54:55.493+08:00  INFO 39908 --- [springAIDemo] [http-nio-8080-exec-2] c.c.interceptor.RefreshTokenInterceptor  : 已经为id：4012的用户刷新对应token
2025-12-27T00:54:55.494+08:00  INFO 39908 --- [springAIDemo] [http-nio-8080-exec-2] com.chen.service.impl.UserServiceImpl    : 已经为id：4012的用户生成对应token
2025-12-27T00:54:55.500+08:00  INFO 39908 --- [springAIDemo] [http-nio-8080-exec-2] c.c.controller.user.SessionController    : 获取用户:4012 的会话信息
2025-12-27T00:54:55.511+08:00 ERROR 39908 --- [springAIDemo] [http-nio-8080-exec-2] c.c.e.handle.GlobalExceptionHandle       : 业务逻辑出错: java.lang.IllegalArgumentException: argument "content" is null
2025-12-27T00:54:55.512+08:00  INFO 39908 --- [springAIDemo] [http-nio-8080-exec-2] com.chen.interceptor.LoginInterceptor    : init login handler
2025-12-27T00:54:55.513+08:00  INFO 39908 --- [springAIDemo] [http-nio-8080-exec-2] c.c.interceptor.RefreshTokenInterceptor  : init refresh handler
2025-12-27T00:55:35.696+08:00  INFO 39908 --- [springAIDemo] [http-nio-8080-exec-3] c.c.interceptor.RefreshTokenInterceptor  : 已经为id：4012的用户刷新对应token
2025-12-27T00:55:35.697+08:00  INFO 39908 --- [springAIDemo] [http-nio-8080-exec-3] com.chen.service.impl.UserServiceImpl    : 已经为id：4012的用户生成对应token
2025-12-27T00:55:35.703+08:00  INFO 39908 --- [springAIDemo] [http-nio-8080-exec-3] c.chen.controller.user.UserController    : 获取本人的用户信息
2025-12-27T00:55:35.715+08:00  INFO 39908 --- [springAIDemo] [http-nio-8080-exec-3] com.chen.interceptor.LoginInterceptor    : destroy login handler
2025-12-27T00:55:35.715+08:00  INFO 39908 --- [springAIDemo] [http-nio-8080-exec-3] c.c.interceptor.RefreshTokenInterceptor  : destroy refresh handler
2025-12-27T00:55:35.716+08:00  INFO 39908 --- [springAIDemo] [http-nio-8080-exec-3] com.chen.interceptor.LoginInterceptor    : init login handler
2025-12-27T00:55:35.716+08:00  INFO 39908 --- [springAIDemo] [http-nio-8080-exec-3] c.c.interceptor.RefreshTokenInterceptor  : init refresh handler
2025-12-27T00:55:35.758+08:00  INFO 39908 --- [springAIDemo] [http-nio-8080-exec-4] c.c.interceptor.RefreshTokenInterceptor  : 已经为id：4012的用户刷新对应token
2025-12-27T00:55:35.759+08:00  INFO 39908 --- [springAIDemo] [http-nio-8080-exec-4] com.chen.service.impl.UserServiceImpl    : 已经为id：4012的用户生成对应token
2025-12-27T00:55:35.764+08:00  INFO 39908 --- [springAIDemo] [http-nio-8080-exec-4] c.c.controller.user.SessionController    : 获取用户:4012 的会话信息
2025-12-27T00:55:35.768+08:00 ERROR 39908 --- [springAIDemo] [http-nio-8080-exec-4] c.c.e.handle.GlobalExceptionHandle       : 业务逻辑出错: java.lang.IllegalArgumentException: argument "content" is null
2025-12-27T00:55:35.769+08:00  INFO 39908 --- [springAIDemo] [http-nio-8080-exec-4] com.chen.interceptor.LoginInterceptor    : init login handler
2025-12-27T00:55:35.769+08:00  INFO 39908 --- [springAIDemo] [http-nio-8080-exec-4] c.c.interceptor.RefreshTokenInterceptor  : init refresh handler
2025-12-27T00:55:47.143+08:00  INFO 39908 --- [springAIDemo] [http-nio-8080-exec-5] c.c.interceptor.RefreshTokenInterceptor  : 已经为id：4012的用户刷新对应token
2025-12-27T00:55:47.144+08:00  INFO 39908 --- [springAIDemo] [http-nio-8080-exec-5] com.chen.service.impl.UserServiceImpl    : 已经为id：4012的用户生成对应token
2025-12-27T00:55:47.149+08:00  INFO 39908 --- [springAIDemo] [http-nio-8080-exec-5] c.chen.controller.user.UserController    : 获取本人的用户信息
2025-12-27T00:55:47.163+08:00  INFO 39908 --- [springAIDemo] [http-nio-8080-exec-5] com.chen.interceptor.LoginInterceptor    : destroy login handler
2025-12-27T00:55:47.163+08:00  INFO 39908 --- [springAIDemo] [http-nio-8080-exec-5] c.c.interceptor.RefreshTokenInterceptor  : destroy refresh handler
2025-12-27T00:55:47.163+08:00  INFO 39908 --- [springAIDemo] [http-nio-8080-exec-5] com.chen.interceptor.LoginInterceptor    : init login handler
2025-12-27T00:55:47.163+08:00  INFO 39908 --- [springAIDemo] [http-nio-8080-exec-5] c.c.interceptor.RefreshTokenInterceptor  : init refresh handler
2025-12-27T00:55:47.208+08:00  INFO 39908 --- [springAIDemo] [http-nio-8080-exec-10] c.c.interceptor.RefreshTokenInterceptor  : 已经为id：4012的用户刷新对应token
2025-12-27T00:55:47.209+08:00  INFO 39908 --- [springAIDemo] [http-nio-8080-exec-10] com.chen.service.impl.UserServiceImpl    : 已经为id：4012的用户生成对应token
2025-12-27T00:55:47.215+08:00  INFO 39908 --- [springAIDemo] [http-nio-8080-exec-10] c.c.controller.user.SessionController    : 获取用户:4012 的会话信息
2025-12-27T00:56:30.270+08:00 ERROR 39908 --- [springAIDemo] [http-nio-8080-exec-10] c.c.e.handle.GlobalExceptionHandle       : 业务逻辑出错: java.lang.IllegalArgumentException: argument "content" is null
2025-12-27T00:56:30.271+08:00  INFO 39908 --- [springAIDemo] [http-nio-8080-exec-10] com.chen.interceptor.LoginInterceptor    : init login handler
2025-12-27T00:56:30.271+08:00  INFO 39908 --- [springAIDemo] [http-nio-8080-exec-10] c.c.interceptor.RefreshTokenInterceptor  : init refresh handler
2025-12-27T00:56:50.146+08:00  INFO 39908 --- [springAIDemo] [http-nio-8080-exec-7] c.c.interceptor.RefreshTokenInterceptor  : 已经为id：4012的用户刷新对应token
2025-12-27T00:56:50.146+08:00  INFO 39908 --- [springAIDemo] [http-nio-8080-exec-7] com.chen.service.impl.UserServiceImpl    : 已经为id：4012的用户生成对应token
2025-12-27T00:56:50.153+08:00  INFO 39908 --- [springAIDemo] [http-nio-8080-exec-7] c.chen.controller.user.UserController    : 获取本人的用户信息
2025-12-27T00:56:50.164+08:00  INFO 39908 --- [springAIDemo] [http-nio-8080-exec-7] com.chen.interceptor.LoginInterceptor    : destroy login handler
2025-12-27T00:56:50.164+08:00  INFO 39908 --- [springAIDemo] [http-nio-8080-exec-7] c.c.interceptor.RefreshTokenInterceptor  : destroy refresh handler
2025-12-27T00:56:50.164+08:00  INFO 39908 --- [springAIDemo] [http-nio-8080-exec-7] com.chen.interceptor.LoginInterceptor    : init login handler
2025-12-27T00:56:50.164+08:00  INFO 39908 --- [springAIDemo] [http-nio-8080-exec-7] c.c.interceptor.RefreshTokenInterceptor  : init refresh handler
2025-12-27T00:56:50.187+08:00  INFO 39908 --- [springAIDemo] [http-nio-8080-exec-8] c.c.interceptor.RefreshTokenInterceptor  : 已经为id：4012的用户刷新对应token
2025-12-27T00:56:50.188+08:00  INFO 39908 --- [springAIDemo] [http-nio-8080-exec-8] com.chen.service.impl.UserServiceImpl    : 已经为id：4012的用户生成对应token
2025-12-27T00:56:50.194+08:00  INFO 39908 --- [springAIDemo] [http-nio-8080-exec-8] c.c.controller.user.SessionController    : 获取用户:4012 的会话信息
2025-12-27T00:57:10.062+08:00 ERROR 39908 --- [springAIDemo] [http-nio-8080-exec-8] c.c.e.handle.GlobalExceptionHandle       : 业务逻辑出错: java.lang.IllegalArgumentException: argument "content" is null
2025-12-27T00:57:10.063+08:00  INFO 39908 --- [springAIDemo] [http-nio-8080-exec-8] com.chen.interceptor.LoginInterceptor    : init login handler
2025-12-27T00:57:10.063+08:00  INFO 39908 --- [springAIDemo] [http-nio-8080-exec-8] c.c.interceptor.RefreshTokenInterceptor  : init refresh handler
2025-12-27T00:57:39.543+08:00  INFO 39908 --- [springAIDemo] [http-nio-8080-exec-9] c.c.interceptor.RefreshTokenInterceptor  : 已经为id：4012的用户刷新对应token
2025-12-27T00:57:39.544+08:00  INFO 39908 --- [springAIDemo] [http-nio-8080-exec-9] com.chen.service.impl.UserServiceImpl    : 已经为id：4012的用户生成对应token
2025-12-27T00:57:39.551+08:00  INFO 39908 --- [springAIDemo] [http-nio-8080-exec-9] c.chen.controller.user.UserController    : 获取本人的用户信息
2025-12-27T00:57:39.561+08:00  INFO 39908 --- [springAIDemo] [http-nio-8080-exec-9] com.chen.interceptor.LoginInterceptor    : destroy login handler
2025-12-27T00:57:39.561+08:00  INFO 39908 --- [springAIDemo] [http-nio-8080-exec-9] c.c.interceptor.RefreshTokenInterceptor  : destroy refresh handler
2025-12-27T00:57:39.561+08:00  INFO 39908 --- [springAIDemo] [http-nio-8080-exec-9] com.chen.interceptor.LoginInterceptor    : init login handler
2025-12-27T00:57:39.561+08:00  INFO 39908 --- [springAIDemo] [http-nio-8080-exec-9] c.c.interceptor.RefreshTokenInterceptor  : init refresh handler
2025-12-27T00:57:39.588+08:00  INFO 39908 --- [springAIDemo] [http-nio-8080-exec-6] c.c.interceptor.RefreshTokenInterceptor  : 已经为id：4012的用户刷新对应token
2025-12-27T00:57:39.589+08:00  INFO 39908 --- [springAIDemo] [http-nio-8080-exec-6] com.chen.service.impl.UserServiceImpl    : 已经为id：4012的用户生成对应token
2025-12-27T00:57:39.593+08:00  INFO 39908 --- [springAIDemo] [http-nio-8080-exec-6] c.c.controller.user.SessionController    : 获取用户:4012 的会话信息
2025-12-27T00:57:39.596+08:00 ERROR 39908 --- [springAIDemo] [http-nio-8080-exec-6] c.c.e.handle.GlobalExceptionHandle       : 业务逻辑出错: java.lang.IllegalArgumentException: argument "content" is null
2025-12-27T00:57:39.597+08:00  INFO 39908 --- [springAIDemo] [http-nio-8080-exec-6] com.chen.interceptor.LoginInterceptor    : init login handler
2025-12-27T00:57:39.597+08:00  INFO 39908 --- [springAIDemo] [http-nio-8080-exec-6] c.c.interceptor.RefreshTokenInterceptor  : init refresh handler
2025-12-27T00:57:44.072+08:00  INFO 39908 --- [springAIDemo] [http-nio-8080-exec-1] c.c.interceptor.RefreshTokenInterceptor  : 已经为id：4012的用户刷新对应token
2025-12-27T00:57:44.072+08:00  INFO 39908 --- [springAIDemo] [http-nio-8080-exec-1] com.chen.service.impl.UserServiceImpl    : 已经为id：4012的用户生成对应token
2025-12-27T00:57:44.079+08:00  INFO 39908 --- [springAIDemo] [http-nio-8080-exec-1] c.chen.controller.user.UserController    : 获取本人的用户信息
2025-12-27T00:57:44.090+08:00  INFO 39908 --- [springAIDemo] [http-nio-8080-exec-1] com.chen.interceptor.LoginInterceptor    : destroy login handler
2025-12-27T00:57:44.090+08:00  INFO 39908 --- [springAIDemo] [http-nio-8080-exec-1] c.c.interceptor.RefreshTokenInterceptor  : destroy refresh handler
2025-12-27T00:57:44.090+08:00  INFO 39908 --- [springAIDemo] [http-nio-8080-exec-1] com.chen.interceptor.LoginInterceptor    : init login handler
2025-12-27T00:57:44.090+08:00  INFO 39908 --- [springAIDemo] [http-nio-8080-exec-1] c.c.interceptor.RefreshTokenInterceptor  : init refresh handler
2025-12-27T00:57:44.134+08:00  INFO 39908 --- [springAIDemo] [http-nio-8080-exec-2] c.c.interceptor.RefreshTokenInterceptor  : 已经为id：4012的用户刷新对应token
2025-12-27T00:57:44.135+08:00  INFO 39908 --- [springAIDemo] [http-nio-8080-exec-2] com.chen.service.impl.UserServiceImpl    : 已经为id：4012的用户生成对应token
2025-12-27T00:57:44.141+08:00  INFO 39908 --- [springAIDemo] [http-nio-8080-exec-2] c.c.controller.user.SessionController    : 获取用户:4012 的会话信息
2025-12-27T00:58:12.329+08:00 ERROR 39908 --- [springAIDemo] [http-nio-8080-exec-2] c.c.e.handle.GlobalExceptionHandle       : 业务逻辑出错: java.lang.IllegalArgumentException: argument "content" is null
2025-12-27T00:58:12.329+08:00  INFO 39908 --- [springAIDemo] [http-nio-8080-exec-2] com.chen.interceptor.LoginInterceptor    : init login handler
2025-12-27T00:58:12.329+08:00  INFO 39908 --- [springAIDemo] [http-nio-8080-exec-2] c.c.interceptor.RefreshTokenInterceptor  : init refresh handler
2025-12-27T00:59:27.426+08:00  INFO 39908 --- [springAIDemo] [SpringApplicationShutdownHook] o.s.b.w.e.tomcat.GracefulShutdown        : Commencing graceful shutdown. Waiting for active requests to complete
2025-12-27T00:59:27.704+08:00  INFO 39908 --- [springAIDemo] [tomcat-shutdown] o.s.b.w.e.tomcat.GracefulShutdown        : Graceful shutdown complete
2025-12-27T00:59:27.718+08:00  INFO 39908 --- [springAIDemo] [SpringApplicationShutdownHook] com.alibaba.druid.pool.DruidDataSource   : {dataSource-1} closing ...
2025-12-27T00:59:27.719+08:00  INFO 39908 --- [springAIDemo] [SpringApplicationShutdownHook] com.alibaba.druid.pool.DruidDataSource   : {dataSource-1} closed
2025-12-27T00:59:31.604+08:00  INFO 37652 --- [springAIDemo] [main] com.chen.SpringAiDemoApplication         : Starting SpringAiDemoApplication using Java 17.0.17 with PID 37652 (D:\code\project\AIChatdemo\springAIServe\target\classes started by Chen in D:\code\project\AIChatdemo)
2025-12-27T00:59:31.606+08:00  INFO 37652 --- [springAIDemo] [main] com.chen.SpringAiDemoApplication         : No active profile set, falling back to 1 default profile: "default"
2025-12-27T00:59:32.308+08:00  INFO 37652 --- [springAIDemo] [main] .s.d.r.c.RepositoryConfigurationDelegate : Multiple Spring Data modules found, entering strict repository configuration mode
2025-12-27T00:59:32.310+08:00  INFO 37652 --- [springAIDemo] [main] .s.d.r.c.RepositoryConfigurationDelegate : Bootstrapping Spring Data Redis repositories in DEFAULT mode.
2025-12-27T00:59:32.341+08:00  INFO 37652 --- [springAIDemo] [main] .s.d.r.c.RepositoryConfigurationDelegate : Finished Spring Data repository scanning in 17 ms. Found 0 Redis repository interfaces.
2025-12-27T00:59:32.902+08:00  INFO 37652 --- [springAIDemo] [main] o.s.b.w.embedded.tomcat.TomcatWebServer  : Tomcat initialized with port 8080 (http)
2025-12-27T00:59:32.910+08:00  INFO 37652 --- [springAIDemo] [main] o.apache.catalina.core.StandardService   : Starting service [Tomcat]
2025-12-27T00:59:32.911+08:00  INFO 37652 --- [springAIDemo] [main] o.apache.catalina.core.StandardEngine    : Starting Servlet engine: [Apache Tomcat/10.1.48]
2025-12-27T00:59:32.950+08:00  INFO 37652 --- [springAIDemo] [main] o.a.c.c.C.[Tomcat].[localhost].[/]       : Initializing Spring embedded WebApplicationContext
2025-12-27T00:59:32.950+08:00  INFO 37652 --- [springAIDemo] [main] w.s.c.ServletWebServerApplicationContext : Root WebApplicationContext: initialization completed in 1311 ms
2025-12-27T00:59:34.272+08:00  INFO 37652 --- [springAIDemo] [main] com.alibaba.druid.pool.DruidDataSource   : {dataSource-1} inited
2025-12-27T00:59:34.604+08:00  INFO 37652 --- [springAIDemo] [main] o.s.b.w.embedded.tomcat.TomcatWebServer  : Tomcat started on port 8080 (http) with context path '/'
2025-12-27T00:59:34.614+08:00  INFO 37652 --- [springAIDemo] [main] com.chen.SpringAiDemoApplication         : Started SpringAiDemoApplication in 3.352 seconds (process running for 3.927)
2025-12-27T00:59:58.762+08:00  INFO 37652 --- [springAIDemo] [http-nio-8080-exec-1] o.a.c.c.C.[Tomcat].[localhost].[/]       : Initializing Spring DispatcherServlet 'dispatcherServlet'
2025-12-27T00:59:58.762+08:00  INFO 37652 --- [springAIDemo] [http-nio-8080-exec-1] o.s.web.servlet.DispatcherServlet        : Initializing Servlet 'dispatcherServlet'
2025-12-27T00:59:58.763+08:00  INFO 37652 --- [springAIDemo] [http-nio-8080-exec-1] o.s.web.servlet.DispatcherServlet        : Completed initialization in 1 ms
2025-12-27T00:59:59.278+08:00  INFO 37652 --- [springAIDemo] [http-nio-8080-exec-1] c.c.interceptor.RefreshTokenInterceptor  : 已经为id：111的用户刷新对应token
2025-12-27T00:59:59.305+08:00  INFO 37652 --- [springAIDemo] [http-nio-8080-exec-1] com.chen.service.impl.UserServiceImpl    : 已经为id：111的用户生成对应token
2025-12-27T00:59:59.365+08:00  INFO 37652 --- [springAIDemo] [http-nio-8080-exec-1] c.chen.controller.user.UserController    : 获取本人的用户信息
2025-12-27T00:59:59.409+08:00  INFO 37652 --- [springAIDemo] [http-nio-8080-exec-1] com.chen.interceptor.LoginInterceptor    : destroy login handler
2025-12-27T00:59:59.410+08:00  INFO 37652 --- [springAIDemo] [http-nio-8080-exec-1] c.c.interceptor.RefreshTokenInterceptor  : destroy refresh handler
2025-12-27T00:59:59.410+08:00  INFO 37652 --- [springAIDemo] [http-nio-8080-exec-1] com.chen.interceptor.LoginInterceptor    : init login handler
2025-12-27T00:59:59.410+08:00  INFO 37652 --- [springAIDemo] [http-nio-8080-exec-1] c.c.interceptor.RefreshTokenInterceptor  : init refresh handler
2025-12-27T00:59:59.424+08:00  INFO 37652 --- [springAIDemo] [http-nio-8080-exec-2] c.c.interceptor.RefreshTokenInterceptor  : 已经为id：111的用户刷新对应token
2025-12-27T00:59:59.425+08:00  INFO 37652 --- [springAIDemo] [http-nio-8080-exec-2] com.chen.service.impl.UserServiceImpl    : 已经为id：111的用户生成对应token
2025-12-27T00:59:59.429+08:00  INFO 37652 --- [springAIDemo] [http-nio-8080-exec-2] c.c.controller.user.SessionController    : 获取用户:111 的会话信息
2025-12-27T00:59:59.466+08:00  INFO 37652 --- [springAIDemo] [http-nio-8080-exec-2] com.chen.interceptor.LoginInterceptor    : destroy login handler
2025-12-27T00:59:59.466+08:00  INFO 37652 --- [springAIDemo] [http-nio-8080-exec-2] c.c.interceptor.RefreshTokenInterceptor  : destroy refresh handler
2025-12-27T00:59:59.466+08:00  INFO 37652 --- [springAIDemo] [http-nio-8080-exec-2] com.chen.interceptor.LoginInterceptor    : init login handler
2025-12-27T00:59:59.466+08:00  INFO 37652 --- [springAIDemo] [http-nio-8080-exec-2] c.c.interceptor.RefreshTokenInterceptor  : init refresh handler
2025-12-27T01:00:24.540+08:00  INFO 37652 --- [springAIDemo] [http-nio-8080-exec-3] c.c.interceptor.RefreshTokenInterceptor  : 已经为id：1的用户刷新对应token
2025-12-27T01:00:24.541+08:00  INFO 37652 --- [springAIDemo] [http-nio-8080-exec-3] com.chen.service.impl.UserServiceImpl    : 已经为id：1的用户生成对应token
2025-12-27T01:00:24.548+08:00  INFO 37652 --- [springAIDemo] [http-nio-8080-exec-3] c.chen.controller.user.UserController    : 获取本人的用户信息
2025-12-27T01:00:24.561+08:00  INFO 37652 --- [springAIDemo] [http-nio-8080-exec-3] com.chen.interceptor.LoginInterceptor    : destroy login handler
2025-12-27T01:00:24.562+08:00  INFO 37652 --- [springAIDemo] [http-nio-8080-exec-3] c.c.interceptor.RefreshTokenInterceptor  : destroy refresh handler
2025-12-27T01:00:24.562+08:00  INFO 37652 --- [springAIDemo] [http-nio-8080-exec-3] com.chen.interceptor.LoginInterceptor    : init login handler
2025-12-27T01:00:24.562+08:00  INFO 37652 --- [springAIDemo] [http-nio-8080-exec-3] c.c.interceptor.RefreshTokenInterceptor  : init refresh handler
2025-12-27T01:00:24.595+08:00  INFO 37652 --- [springAIDemo] [http-nio-8080-exec-4] c.c.interceptor.RefreshTokenInterceptor  : 已经为id：1的用户刷新对应token
2025-12-27T01:00:24.596+08:00  INFO 37652 --- [springAIDemo] [http-nio-8080-exec-4] com.chen.service.impl.UserServiceImpl    : 已经为id：1的用户生成对应token
2025-12-27T01:00:24.601+08:00  INFO 37652 --- [springAIDemo] [http-nio-8080-exec-4] c.c.controller.user.SessionController    : 获取用户:1 的会话信息
2025-12-27T01:00:24.626+08:00  INFO 37652 --- [springAIDemo] [http-nio-8080-exec-4] com.chen.interceptor.LoginInterceptor    : destroy login handler
2025-12-27T01:00:24.626+08:00  INFO 37652 --- [springAIDemo] [http-nio-8080-exec-4] c.c.interceptor.RefreshTokenInterceptor  : destroy refresh handler
2025-12-27T01:00:24.627+08:00  INFO 37652 --- [springAIDemo] [http-nio-8080-exec-4] com.chen.interceptor.LoginInterceptor    : init login handler
2025-12-27T01:00:24.627+08:00  INFO 37652 --- [springAIDemo] [http-nio-8080-exec-4] c.c.interceptor.RefreshTokenInterceptor  : init refresh handler
2025-12-27T01:00:34.461+08:00  INFO 37652 --- [springAIDemo] [http-nio-8080-exec-5] c.c.interceptor.RefreshTokenInterceptor  : 已经为id：1的用户刷新对应token
2025-12-27T01:00:34.462+08:00  INFO 37652 --- [springAIDemo] [http-nio-8080-exec-5] com.chen.service.impl.UserServiceImpl    : 已经为id：1的用户生成对应token
2025-12-27T01:00:34.467+08:00  INFO 37652 --- [springAIDemo] [http-nio-8080-exec-5] c.chen.controller.user.UserController    : 获取本人的用户信息
2025-12-27T01:00:34.476+08:00  INFO 37652 --- [springAIDemo] [http-nio-8080-exec-5] com.chen.interceptor.LoginInterceptor    : destroy login handler
2025-12-27T01:00:34.476+08:00  INFO 37652 --- [springAIDemo] [http-nio-8080-exec-5] c.c.interceptor.RefreshTokenInterceptor  : destroy refresh handler
2025-12-27T01:00:34.476+08:00  INFO 37652 --- [springAIDemo] [http-nio-8080-exec-5] com.chen.interceptor.LoginInterceptor    : init login handler
2025-12-27T01:00:34.477+08:00  INFO 37652 --- [springAIDemo] [http-nio-8080-exec-5] c.c.interceptor.RefreshTokenInterceptor  : init refresh handler
2025-12-27T01:00:34.496+08:00  INFO 37652 --- [springAIDemo] [http-nio-8080-exec-6] c.c.interceptor.RefreshTokenInterceptor  : 已经为id：1的用户刷新对应token
2025-12-27T01:00:34.497+08:00  INFO 37652 --- [springAIDemo] [http-nio-8080-exec-6] com.chen.service.impl.UserServiceImpl    : 已经为id：1的用户生成对应token
2025-12-27T01:00:34.503+08:00  INFO 37652 --- [springAIDemo] [http-nio-8080-exec-6] c.c.controller.user.SessionController    : 获取用户:1 的会话信息
2025-12-27T01:00:34.517+08:00  INFO 37652 --- [springAIDemo] [http-nio-8080-exec-6] com.chen.interceptor.LoginInterceptor    : destroy login handler
2025-12-27T01:00:34.518+08:00  INFO 37652 --- [springAIDemo] [http-nio-8080-exec-6] c.c.interceptor.RefreshTokenInterceptor  : destroy refresh handler
2025-12-27T01:00:34.518+08:00  INFO 37652 --- [springAIDemo] [http-nio-8080-exec-6] com.chen.interceptor.LoginInterceptor    : init login handler
2025-12-27T01:00:34.518+08:00  INFO 37652 --- [springAIDemo] [http-nio-8080-exec-6] c.c.interceptor.RefreshTokenInterceptor  : init refresh handler
2025-12-27T01:01:31.112+08:00  INFO 37652 --- [springAIDemo] [SpringApplicationShutdownHook] o.s.b.w.e.tomcat.GracefulShutdown        : Commencing graceful shutdown. Waiting for active requests to complete
2025-12-27T01:01:31.399+08:00  INFO 37652 --- [springAIDemo] [tomcat-shutdown] o.s.b.w.e.tomcat.GracefulShutdown        : Graceful shutdown complete
2025-12-27T01:01:31.411+08:00  INFO 37652 --- [springAIDemo] [SpringApplicationShutdownHook] com.alibaba.druid.pool.DruidDataSource   : {dataSource-1} closing ...
2025-12-27T01:01:31.419+08:00  INFO 37652 --- [springAIDemo] [SpringApplicationShutdownHook] com.alibaba.druid.pool.DruidDataSource   : {dataSource-1} closed
2025-12-27T01:01:35.264+08:00  INFO 39008 --- [springAIDemo] [main] com.chen.SpringAiDemoApplication         : Starting SpringAiDemoApplication using Java 17.0.17 with PID 39008 (D:\code\project\AIChatdemo\springAIServe\target\classes started by Chen in D:\code\project\AIChatdemo)
2025-12-27T01:01:35.267+08:00  INFO 39008 --- [springAIDemo] [main] com.chen.SpringAiDemoApplication         : No active profile set, falling back to 1 default profile: "default"
2025-12-27T01:01:35.888+08:00  INFO 39008 --- [springAIDemo] [main] .s.d.r.c.RepositoryConfigurationDelegate : Multiple Spring Data modules found, entering strict repository configuration mode
2025-12-27T01:01:35.889+08:00  INFO 39008 --- [springAIDemo] [main] .s.d.r.c.RepositoryConfigurationDelegate : Bootstrapping Spring Data Redis repositories in DEFAULT mode.
2025-12-27T01:01:35.915+08:00  INFO 39008 --- [springAIDemo] [main] .s.d.r.c.RepositoryConfigurationDelegate : Finished Spring Data repository scanning in 15 ms. Found 0 Redis repository interfaces.
2025-12-27T01:01:36.423+08:00  INFO 39008 --- [springAIDemo] [main] o.s.b.w.embedded.tomcat.TomcatWebServer  : Tomcat initialized with port 8080 (http)
2025-12-27T01:01:36.433+08:00  INFO 39008 --- [springAIDemo] [main] o.apache.catalina.core.StandardService   : Starting service [Tomcat]
2025-12-27T01:01:36.433+08:00  INFO 39008 --- [springAIDemo] [main] o.apache.catalina.core.StandardEngine    : Starting Servlet engine: [Apache Tomcat/10.1.48]
2025-12-27T01:01:36.470+08:00  INFO 39008 --- [springAIDemo] [main] o.a.c.c.C.[Tomcat].[localhost].[/]       : Initializing Spring embedded WebApplicationContext
2025-12-27T01:01:36.471+08:00  INFO 39008 --- [springAIDemo] [main] w.s.c.ServletWebServerApplicationContext : Root WebApplicationContext: initialization completed in 1177 ms
2025-12-27T01:01:37.933+08:00  INFO 39008 --- [springAIDemo] [main] com.alibaba.druid.pool.DruidDataSource   : {dataSource-1} inited
2025-12-27T01:01:38.382+08:00  INFO 39008 --- [springAIDemo] [main] o.s.b.w.embedded.tomcat.TomcatWebServer  : Tomcat started on port 8080 (http) with context path '/'
2025-12-27T01:01:38.393+08:00  INFO 39008 --- [springAIDemo] [main] com.chen.SpringAiDemoApplication         : Started SpringAiDemoApplication in 3.479 seconds (process running for 4.028)
2025-12-27T01:02:07.278+08:00  INFO 39008 --- [springAIDemo] [http-nio-8080-exec-1] o.a.c.c.C.[Tomcat].[localhost].[/]       : Initializing Spring DispatcherServlet 'dispatcherServlet'
2025-12-27T01:02:07.279+08:00  INFO 39008 --- [springAIDemo] [http-nio-8080-exec-1] o.s.web.servlet.DispatcherServlet        : Initializing Servlet 'dispatcherServlet'
2025-12-27T01:02:07.280+08:00  INFO 39008 --- [springAIDemo] [http-nio-8080-exec-1] o.s.web.servlet.DispatcherServlet        : Completed initialization in 1 ms
2025-12-27T01:02:07.782+08:00  INFO 39008 --- [springAIDemo] [http-nio-8080-exec-1] c.c.interceptor.RefreshTokenInterceptor  : 已经为id：1的用户刷新对应token
2025-12-27T01:02:07.810+08:00  INFO 39008 --- [springAIDemo] [http-nio-8080-exec-1] com.chen.service.impl.UserServiceImpl    : 已经为id：1的用户生成对应token
2025-12-27T01:02:07.869+08:00  INFO 39008 --- [springAIDemo] [http-nio-8080-exec-1] c.chen.controller.user.UserController    : 获取本人的用户信息
2025-12-27T01:02:07.916+08:00  INFO 39008 --- [springAIDemo] [http-nio-8080-exec-1] com.chen.interceptor.LoginInterceptor    : destroy login handler
2025-12-27T01:02:07.916+08:00  INFO 39008 --- [springAIDemo] [http-nio-8080-exec-1] c.c.interceptor.RefreshTokenInterceptor  : destroy refresh handler
2025-12-27T01:02:07.916+08:00  INFO 39008 --- [springAIDemo] [http-nio-8080-exec-1] com.chen.interceptor.LoginInterceptor    : init login handler
2025-12-27T01:02:07.916+08:00  INFO 39008 --- [springAIDemo] [http-nio-8080-exec-1] c.c.interceptor.RefreshTokenInterceptor  : init refresh handler
2025-12-27T01:02:07.930+08:00  INFO 39008 --- [springAIDemo] [http-nio-8080-exec-4] c.c.interceptor.RefreshTokenInterceptor  : 已经为id：1的用户刷新对应token
2025-12-27T01:02:07.930+08:00  INFO 39008 --- [springAIDemo] [http-nio-8080-exec-4] com.chen.service.impl.UserServiceImpl    : 已经为id：1的用户生成对应token
2025-12-27T01:02:07.935+08:00  INFO 39008 --- [springAIDemo] [http-nio-8080-exec-4] c.c.controller.user.SessionController    : 获取用户:1 的会话信息
2025-12-27T01:02:07.941+08:00  INFO 39008 --- [springAIDemo] [http-nio-8080-exec-4] c.chen.service.impl.SessionServiceImpl   : 已经为用户id1缓存返回
2025-12-27T01:02:07.952+08:00  INFO 39008 --- [springAIDemo] [http-nio-8080-exec-4] com.chen.interceptor.LoginInterceptor    : destroy login handler
2025-12-27T01:02:07.952+08:00  INFO 39008 --- [springAIDemo] [http-nio-8080-exec-4] c.c.interceptor.RefreshTokenInterceptor  : destroy refresh handler
2025-12-27T01:02:07.952+08:00  INFO 39008 --- [springAIDemo] [http-nio-8080-exec-4] com.chen.interceptor.LoginInterceptor    : init login handler
2025-12-27T01:02:07.952+08:00  INFO 39008 --- [springAIDemo] [http-nio-8080-exec-4] c.c.interceptor.RefreshTokenInterceptor  : init refresh handler
2025-12-27T01:02:23.962+08:00  INFO 39008 --- [springAIDemo] [http-nio-8080-exec-3] c.c.interceptor.RefreshTokenInterceptor  : 已经为id：1的用户刷新对应token
2025-12-27T01:02:23.963+08:00  INFO 39008 --- [springAIDemo] [http-nio-8080-exec-3] com.chen.service.impl.UserServiceImpl    : 已经为id：1的用户生成对应token
2025-12-27T01:02:23.965+08:00  INFO 39008 --- [springAIDemo] [http-nio-8080-exec-2] c.c.interceptor.RefreshTokenInterceptor  : 已经为id：1的用户刷新对应token
2025-12-27T01:02:23.965+08:00  INFO 39008 --- [springAIDemo] [http-nio-8080-exec-2] com.chen.service.impl.UserServiceImpl    : 已经为id：1的用户生成对应token
2025-12-27T01:02:23.977+08:00  INFO 39008 --- [springAIDemo] [http-nio-8080-exec-3] c.chen.controller.user.ModelController   : 用户查询 Id为:1003的hr
2025-12-27T01:02:23.977+08:00  INFO 39008 --- [springAIDemo] [http-nio-8080-exec-2] c.c.controller.user.MessageController    : 获取会话:sess_3406_-itUNV 的消息体
2025-12-27T01:02:24.015+08:00  INFO 39008 --- [springAIDemo] [http-nio-8080-exec-2] com.chen.interceptor.LoginInterceptor    : destroy login handler
2025-12-27T01:02:24.016+08:00  INFO 39008 --- [springAIDemo] [http-nio-8080-exec-2] c.c.interceptor.RefreshTokenInterceptor  : destroy refresh handler
2025-12-27T01:02:24.016+08:00  INFO 39008 --- [springAIDemo] [http-nio-8080-exec-2] com.chen.interceptor.LoginInterceptor    : init login handler
2025-12-27T01:02:24.016+08:00  INFO 39008 --- [springAIDemo] [http-nio-8080-exec-2] c.c.interceptor.RefreshTokenInterceptor  : init refresh handler
2025-12-27T01:02:24.274+08:00  INFO 39008 --- [springAIDemo] [http-nio-8080-exec-3] com.chen.interceptor.LoginInterceptor    : destroy login handler
2025-12-27T01:02:24.274+08:00  INFO 39008 --- [springAIDemo] [http-nio-8080-exec-3] c.c.interceptor.RefreshTokenInterceptor  : destroy refresh handler
2025-12-27T01:02:24.274+08:00  INFO 39008 --- [springAIDemo] [http-nio-8080-exec-3] com.chen.interceptor.LoginInterceptor    : init login handler
2025-12-27T01:02:24.274+08:00  INFO 39008 --- [springAIDemo] [http-nio-8080-exec-3] c.c.interceptor.RefreshTokenInterceptor  : init refresh handler
2025-12-27T01:02:25.053+08:00  INFO 39008 --- [springAIDemo] [http-nio-8080-exec-5] c.c.interceptor.RefreshTokenInterceptor  : 已经为id：1的用户刷新对应token
2025-12-27T01:02:25.053+08:00  INFO 39008 --- [springAIDemo] [http-nio-8080-exec-6] c.c.interceptor.RefreshTokenInterceptor  : 已经为id：1的用户刷新对应token
2025-12-27T01:02:25.054+08:00  INFO 39008 --- [springAIDemo] [http-nio-8080-exec-5] com.chen.service.impl.UserServiceImpl    : 已经为id：1的用户生成对应token
2025-12-27T01:02:25.054+08:00  INFO 39008 --- [springAIDemo] [http-nio-8080-exec-6] com.chen.service.impl.UserServiceImpl    : 已经为id：1的用户生成对应token
2025-12-27T01:02:25.058+08:00  INFO 39008 --- [springAIDemo] [http-nio-8080-exec-5] c.chen.controller.user.ModelController   : 用户查询 Id为:1006的hr
2025-12-27T01:02:25.058+08:00  INFO 39008 --- [springAIDemo] [http-nio-8080-exec-6] c.c.controller.user.MessageController    : 获取会话:sess_3406_V6KEIe 的消息体
2025-12-27T01:02:25.070+08:00  INFO 39008 --- [springAIDemo] [http-nio-8080-exec-6] com.chen.interceptor.LoginInterceptor    : destroy login handler
2025-12-27T01:02:25.070+08:00  INFO 39008 --- [springAIDemo] [http-nio-8080-exec-6] c.c.interceptor.RefreshTokenInterceptor  : destroy refresh handler
2025-12-27T01:02:25.070+08:00  INFO 39008 --- [springAIDemo] [http-nio-8080-exec-6] com.chen.interceptor.LoginInterceptor    : init login handler
2025-12-27T01:02:25.070+08:00  INFO 39008 --- [springAIDemo] [http-nio-8080-exec-6] c.c.interceptor.RefreshTokenInterceptor  : init refresh handler
2025-12-27T01:02:25.167+08:00  INFO 39008 --- [springAIDemo] [http-nio-8080-exec-5] com.chen.interceptor.LoginInterceptor    : destroy login handler
2025-12-27T01:02:25.167+08:00  INFO 39008 --- [springAIDemo] [http-nio-8080-exec-5] c.c.interceptor.RefreshTokenInterceptor  : destroy refresh handler
2025-12-27T01:02:25.167+08:00  INFO 39008 --- [springAIDemo] [http-nio-8080-exec-5] com.chen.interceptor.LoginInterceptor    : init login handler
2025-12-27T01:02:25.167+08:00  INFO 39008 --- [springAIDemo] [http-nio-8080-exec-5] c.c.interceptor.RefreshTokenInterceptor  : init refresh handler
2025-12-27T01:02:26.837+08:00  INFO 39008 --- [springAIDemo] [http-nio-8080-exec-8] c.c.interceptor.RefreshTokenInterceptor  : 已经为id：1的用户刷新对应token
2025-12-27T01:02:26.837+08:00  INFO 39008 --- [springAIDemo] [http-nio-8080-exec-7] c.c.interceptor.RefreshTokenInterceptor  : 已经为id：1的用户刷新对应token
2025-12-27T01:02:26.837+08:00  INFO 39008 --- [springAIDemo] [http-nio-8080-exec-8] com.chen.service.impl.UserServiceImpl    : 已经为id：1的用户生成对应token
2025-12-27T01:02:26.837+08:00  INFO 39008 --- [springAIDemo] [http-nio-8080-exec-7] com.chen.service.impl.UserServiceImpl    : 已经为id：1的用户生成对应token
2025-12-27T01:02:26.842+08:00  INFO 39008 --- [springAIDemo] [http-nio-8080-exec-8] c.c.controller.user.MessageController    : 获取会话:sess_3406_zRSnkh 的消息体
2025-12-27T01:02:26.842+08:00  INFO 39008 --- [springAIDemo] [http-nio-8080-exec-7] c.chen.controller.user.ModelController   : 用户查询 Id为:1002的hr
2025-12-27T01:02:26.862+08:00  INFO 39008 --- [springAIDemo] [http-nio-8080-exec-8] com.chen.interceptor.LoginInterceptor    : destroy login handler
2025-12-27T01:02:26.863+08:00  INFO 39008 --- [springAIDemo] [http-nio-8080-exec-8] c.c.interceptor.RefreshTokenInterceptor  : destroy refresh handler
2025-12-27T01:02:26.863+08:00  INFO 39008 --- [springAIDemo] [http-nio-8080-exec-8] com.chen.interceptor.LoginInterceptor    : init login handler
2025-12-27T01:02:26.863+08:00  INFO 39008 --- [springAIDemo] [http-nio-8080-exec-8] c.c.interceptor.RefreshTokenInterceptor  : init refresh handler
2025-12-27T01:02:26.953+08:00  INFO 39008 --- [springAIDemo] [http-nio-8080-exec-7] com.chen.interceptor.LoginInterceptor    : destroy login handler
2025-12-27T01:02:26.954+08:00  INFO 39008 --- [springAIDemo] [http-nio-8080-exec-7] c.c.interceptor.RefreshTokenInterceptor  : destroy refresh handler
2025-12-27T01:02:26.954+08:00  INFO 39008 --- [springAIDemo] [http-nio-8080-exec-7] com.chen.interceptor.LoginInterceptor    : init login handler
2025-12-27T01:02:26.954+08:00  INFO 39008 --- [springAIDemo] [http-nio-8080-exec-7] c.c.interceptor.RefreshTokenInterceptor  : init refresh handler
2025-12-27T01:02:29.790+08:00  INFO 39008 --- [springAIDemo] [http-nio-8080-exec-9] c.c.interceptor.RefreshTokenInterceptor  : 已经为id：1的用户刷新对应token
2025-12-27T01:02:29.791+08:00  INFO 39008 --- [springAIDemo] [http-nio-8080-exec-9] com.chen.service.impl.UserServiceImpl    : 已经为id：1的用户生成对应token
2025-12-27T01:02:29.796+08:00  INFO 39008 --- [springAIDemo] [http-nio-8080-exec-9] c.chen.controller.user.ModelController   : 用户查询 Id为:1003的hr
2025-12-27T01:02:29.908+08:00  INFO 39008 --- [springAIDemo] [http-nio-8080-exec-9] com.chen.interceptor.LoginInterceptor    : destroy login handler
2025-12-27T01:02:29.909+08:00  INFO 39008 --- [springAIDemo] [http-nio-8080-exec-9] c.c.interceptor.RefreshTokenInterceptor  : destroy refresh handler
2025-12-27T01:02:29.909+08:00  INFO 39008 --- [springAIDemo] [http-nio-8080-exec-9] com.chen.interceptor.LoginInterceptor    : init login handler
2025-12-27T01:02:29.909+08:00  INFO 39008 --- [springAIDemo] [http-nio-8080-exec-9] c.c.interceptor.RefreshTokenInterceptor  : init refresh handler
2025-12-27T01:02:32.566+08:00  INFO 39008 --- [springAIDemo] [http-nio-8080-exec-10] c.c.interceptor.RefreshTokenInterceptor  : 已经为id：1的用户刷新对应token
2025-12-27T01:02:32.567+08:00  INFO 39008 --- [springAIDemo] [http-nio-8080-exec-10] com.chen.service.impl.UserServiceImpl    : 已经为id：1的用户生成对应token
2025-12-27T01:02:32.629+08:00  INFO 39008 --- [springAIDemo] [http-nio-8080-exec-10] c.c.controller.user.SessionController    : 1用户请求删除: sess_3406_-itUNV的会话信息
2025-12-27T01:02:32.662+08:00  INFO 39008 --- [springAIDemo] [http-nio-8080-exec-10] com.chen.interceptor.LoginInterceptor    : destroy login handler
2025-12-27T01:02:32.663+08:00  INFO 39008 --- [springAIDemo] [http-nio-8080-exec-10] c.c.interceptor.RefreshTokenInterceptor  : destroy refresh handler
2025-12-27T01:02:32.663+08:00  INFO 39008 --- [springAIDemo] [http-nio-8080-exec-10] com.chen.interceptor.LoginInterceptor    : init login handler
2025-12-27T01:02:32.663+08:00  INFO 39008 --- [springAIDemo] [http-nio-8080-exec-10] c.c.interceptor.RefreshTokenInterceptor  : init refresh handler
2025-12-27T01:02:32.826+08:00  INFO 39008 --- [springAIDemo] [http-nio-8080-exec-1] c.c.interceptor.RefreshTokenInterceptor  : 已经为id：1的用户刷新对应token
2025-12-27T01:02:32.826+08:00  INFO 39008 --- [springAIDemo] [http-nio-8080-exec-1] com.chen.service.impl.UserServiceImpl    : 已经为id：1的用户生成对应token
2025-12-27T01:02:32.831+08:00  INFO 39008 --- [springAIDemo] [http-nio-8080-exec-1] c.c.controller.user.MessageController    : 获取会话:sess_3406_R-6Mnw 的消息体
2025-12-27T01:02:32.842+08:00  INFO 39008 --- [springAIDemo] [http-nio-8080-exec-1] com.chen.interceptor.LoginInterceptor    : destroy login handler
2025-12-27T01:02:32.843+08:00  INFO 39008 --- [springAIDemo] [http-nio-8080-exec-1] c.c.interceptor.RefreshTokenInterceptor  : destroy refresh handler
2025-12-27T01:02:32.843+08:00  INFO 39008 --- [springAIDemo] [http-nio-8080-exec-1] com.chen.interceptor.LoginInterceptor    : init login handler
2025-12-27T01:02:32.843+08:00  INFO 39008 --- [springAIDemo] [http-nio-8080-exec-1] c.c.interceptor.RefreshTokenInterceptor  : init refresh handler
2025-12-27T01:02:49.701+08:00  INFO 39008 --- [springAIDemo] [http-nio-8080-exec-4] c.c.interceptor.RefreshTokenInterceptor  : 已经为id：1的用户刷新对应token
2025-12-27T01:02:49.702+08:00  INFO 39008 --- [springAIDemo] [http-nio-8080-exec-4] com.chen.service.impl.UserServiceImpl    : 已经为id：1的用户生成对应token
2025-12-27T01:02:49.705+08:00  INFO 39008 --- [springAIDemo] [http-nio-8080-exec-4] c.chen.controller.user.UserController    : 获取本人的用户信息
2025-12-27T01:02:49.717+08:00  INFO 39008 --- [springAIDemo] [http-nio-8080-exec-4] com.chen.interceptor.LoginInterceptor    : destroy login handler
2025-12-27T01:02:49.717+08:00  INFO 39008 --- [springAIDemo] [http-nio-8080-exec-4] c.c.interceptor.RefreshTokenInterceptor  : destroy refresh handler
2025-12-27T01:02:49.717+08:00  INFO 39008 --- [springAIDemo] [http-nio-8080-exec-4] com.chen.interceptor.LoginInterceptor    : init login handler
2025-12-27T01:02:49.717+08:00  INFO 39008 --- [springAIDemo] [http-nio-8080-exec-4] c.c.interceptor.RefreshTokenInterceptor  : init refresh handler
2025-12-27T01:02:49.803+08:00  INFO 39008 --- [springAIDemo] [http-nio-8080-exec-2] c.c.interceptor.RefreshTokenInterceptor  : 已经为id：1的用户刷新对应token
2025-12-27T01:02:49.804+08:00  INFO 39008 --- [springAIDemo] [http-nio-8080-exec-2] com.chen.service.impl.UserServiceImpl    : 已经为id：1的用户生成对应token
2025-12-27T01:02:49.810+08:00  INFO 39008 --- [springAIDemo] [http-nio-8080-exec-2] c.c.controller.user.SessionController    : 获取用户:1 的会话信息
2025-12-27T01:02:49.840+08:00  INFO 39008 --- [springAIDemo] [http-nio-8080-exec-2] com.chen.interceptor.LoginInterceptor    : destroy login handler
2025-12-27T01:02:49.840+08:00  INFO 39008 --- [springAIDemo] [http-nio-8080-exec-2] c.c.interceptor.RefreshTokenInterceptor  : destroy refresh handler
2025-12-27T01:02:49.840+08:00  INFO 39008 --- [springAIDemo] [http-nio-8080-exec-2] com.chen.interceptor.LoginInterceptor    : init login handler
2025-12-27T01:02:49.840+08:00  INFO 39008 --- [springAIDemo] [http-nio-8080-exec-2] c.c.interceptor.RefreshTokenInterceptor  : init refresh handler
2025-12-27T01:03:03.522+08:00  INFO 39008 --- [springAIDemo] [http-nio-8080-exec-6] c.c.interceptor.RefreshTokenInterceptor  : 已经为id：1的用户刷新对应token
2025-12-27T01:03:03.522+08:00  INFO 39008 --- [springAIDemo] [http-nio-8080-exec-3] c.c.interceptor.RefreshTokenInterceptor  : 已经为id：1的用户刷新对应token
2025-12-27T01:03:03.524+08:00  INFO 39008 --- [springAIDemo] [http-nio-8080-exec-6] com.chen.service.impl.UserServiceImpl    : 已经为id：1的用户生成对应token
2025-12-27T01:03:03.524+08:00  INFO 39008 --- [springAIDemo] [http-nio-8080-exec-3] com.chen.service.impl.UserServiceImpl    : 已经为id：1的用户生成对应token
2025-12-27T01:03:03.528+08:00  INFO 39008 --- [springAIDemo] [http-nio-8080-exec-3] c.chen.controller.user.ModelController   : 用户查询 Id为:1006的hr
2025-12-27T01:03:03.528+08:00  INFO 39008 --- [springAIDemo] [http-nio-8080-exec-6] c.c.controller.user.MessageController    : 获取会话:sess_3406_V6KEIe 的消息体
2025-12-27T01:03:03.537+08:00  INFO 39008 --- [springAIDemo] [http-nio-8080-exec-6] com.chen.interceptor.LoginInterceptor    : destroy login handler
2025-12-27T01:03:03.537+08:00  INFO 39008 --- [springAIDemo] [http-nio-8080-exec-6] c.c.interceptor.RefreshTokenInterceptor  : destroy refresh handler
2025-12-27T01:03:03.537+08:00  INFO 39008 --- [springAIDemo] [http-nio-8080-exec-6] com.chen.interceptor.LoginInterceptor    : init login handler
2025-12-27T01:03:03.537+08:00  INFO 39008 --- [springAIDemo] [http-nio-8080-exec-6] c.c.interceptor.RefreshTokenInterceptor  : init refresh handler
2025-12-27T01:03:03.661+08:00  INFO 39008 --- [springAIDemo] [http-nio-8080-exec-3] com.chen.interceptor.LoginInterceptor    : destroy login handler
2025-12-27T01:03:03.662+08:00  INFO 39008 --- [springAIDemo] [http-nio-8080-exec-3] c.c.interceptor.RefreshTokenInterceptor  : destroy refresh handler
2025-12-27T01:03:03.662+08:00  INFO 39008 --- [springAIDemo] [http-nio-8080-exec-3] com.chen.interceptor.LoginInterceptor    : init login handler
2025-12-27T01:03:03.662+08:00  INFO 39008 --- [springAIDemo] [http-nio-8080-exec-3] c.c.interceptor.RefreshTokenInterceptor  : init refresh handler
2025-12-27T01:03:04.726+08:00  INFO 39008 --- [springAIDemo] [http-nio-8080-exec-8] c.c.interceptor.RefreshTokenInterceptor  : 已经为id：1的用户刷新对应token
2025-12-27T01:03:04.726+08:00  INFO 39008 --- [springAIDemo] [http-nio-8080-exec-5] c.c.interceptor.RefreshTokenInterceptor  : 已经为id：1的用户刷新对应token
2025-12-27T01:03:04.727+08:00  INFO 39008 --- [springAIDemo] [http-nio-8080-exec-5] com.chen.service.impl.UserServiceImpl    : 已经为id：1的用户生成对应token
2025-12-27T01:03:04.727+08:00  INFO 39008 --- [springAIDemo] [http-nio-8080-exec-8] com.chen.service.impl.UserServiceImpl    : 已经为id：1的用户生成对应token
2025-12-27T01:03:04.730+08:00  INFO 39008 --- [springAIDemo] [http-nio-8080-exec-8] c.c.controller.user.MessageController    : 获取会话:sess_3406_R-6Mnw 的消息体
2025-12-27T01:03:04.730+08:00  INFO 39008 --- [springAIDemo] [http-nio-8080-exec-5] c.chen.controller.user.ModelController   : 用户查询 Id为:1004的hr
2025-12-27T01:03:04.744+08:00  INFO 39008 --- [springAIDemo] [http-nio-8080-exec-8] com.chen.interceptor.LoginInterceptor    : destroy login handler
2025-12-27T01:03:04.744+08:00  INFO 39008 --- [springAIDemo] [http-nio-8080-exec-8] c.c.interceptor.RefreshTokenInterceptor  : destroy refresh handler
2025-12-27T01:03:04.744+08:00  INFO 39008 --- [springAIDemo] [http-nio-8080-exec-8] com.chen.interceptor.LoginInterceptor    : init login handler
2025-12-27T01:03:04.744+08:00  INFO 39008 --- [springAIDemo] [http-nio-8080-exec-8] c.c.interceptor.RefreshTokenInterceptor  : init refresh handler
2025-12-27T01:03:04.837+08:00  INFO 39008 --- [springAIDemo] [http-nio-8080-exec-5] com.chen.interceptor.LoginInterceptor    : destroy login handler
2025-12-27T01:03:04.837+08:00  INFO 39008 --- [springAIDemo] [http-nio-8080-exec-5] c.c.interceptor.RefreshTokenInterceptor  : destroy refresh handler
2025-12-27T01:03:04.837+08:00  INFO 39008 --- [springAIDemo] [http-nio-8080-exec-5] com.chen.interceptor.LoginInterceptor    : init login handler
2025-12-27T01:03:04.837+08:00  INFO 39008 --- [springAIDemo] [http-nio-8080-exec-5] c.c.interceptor.RefreshTokenInterceptor  : init refresh handler
2025-12-27T01:03:05.796+08:00  INFO 39008 --- [springAIDemo] [http-nio-8080-exec-7] c.c.interceptor.RefreshTokenInterceptor  : 已经为id：1的用户刷新对应token
2025-12-27T01:03:05.797+08:00  INFO 39008 --- [springAIDemo] [http-nio-8080-exec-7] com.chen.service.impl.UserServiceImpl    : 已经为id：1的用户生成对应token
2025-12-27T01:03:05.800+08:00  INFO 39008 --- [springAIDemo] [http-nio-8080-exec-7] c.chen.controller.user.ModelController   : 用户查询 Id为:1002的hr
2025-12-27T01:03:05.910+08:00  INFO 39008 --- [springAIDemo] [http-nio-8080-exec-7] com.chen.interceptor.LoginInterceptor    : destroy login handler
2025-12-27T01:03:05.910+08:00  INFO 39008 --- [springAIDemo] [http-nio-8080-exec-7] c.c.interceptor.RefreshTokenInterceptor  : destroy refresh handler
2025-12-27T01:03:05.910+08:00  INFO 39008 --- [springAIDemo] [http-nio-8080-exec-7] com.chen.interceptor.LoginInterceptor    : init login handler
2025-12-27T01:03:05.910+08:00  INFO 39008 --- [springAIDemo] [http-nio-8080-exec-7] c.c.interceptor.RefreshTokenInterceptor  : init refresh handler
2025-12-27T01:03:06.102+08:00  INFO 39008 --- [springAIDemo] [http-nio-8080-exec-9] c.c.interceptor.RefreshTokenInterceptor  : 已经为id：1的用户刷新对应token
2025-12-27T01:03:06.102+08:00  INFO 39008 --- [springAIDemo] [http-nio-8080-exec-9] com.chen.service.impl.UserServiceImpl    : 已经为id：1的用户生成对应token
2025-12-27T01:03:06.106+08:00  INFO 39008 --- [springAIDemo] [http-nio-8080-exec-9] c.c.controller.user.MessageController    : 获取会话:sess_3406_zRSnkh 的消息体
2025-12-27T01:03:06.116+08:00  INFO 39008 --- [springAIDemo] [http-nio-8080-exec-9] com.chen.interceptor.LoginInterceptor    : destroy login handler
2025-12-27T01:03:06.116+08:00  INFO 39008 --- [springAIDemo] [http-nio-8080-exec-9] c.c.interceptor.RefreshTokenInterceptor  : destroy refresh handler
2025-12-27T01:03:06.116+08:00  INFO 39008 --- [springAIDemo] [http-nio-8080-exec-9] com.chen.interceptor.LoginInterceptor    : init login handler
2025-12-27T01:03:06.117+08:00  INFO 39008 --- [springAIDemo] [http-nio-8080-exec-9] c.c.interceptor.RefreshTokenInterceptor  : init refresh handler
2025-12-27T01:03:25.923+08:00  INFO 39008 --- [springAIDemo] [SpringApplicationShutdownHook] o.s.b.w.e.tomcat.GracefulShutdown        : Commencing graceful shutdown. Waiting for active requests to complete
2025-12-27T01:03:26.292+08:00  INFO 39008 --- [springAIDemo] [tomcat-shutdown] o.s.b.w.e.tomcat.GracefulShutdown        : Graceful shutdown complete
2025-12-27T01:03:26.305+08:00  INFO 39008 --- [springAIDemo] [SpringApplicationShutdownHook] com.alibaba.druid.pool.DruidDataSource   : {dataSource-1} closing ...
2025-12-27T01:03:26.309+08:00  INFO 39008 --- [springAIDemo] [SpringApplicationShutdownHook] com.alibaba.druid.pool.DruidDataSource   : {dataSource-1} closed
